ords_config.sql

PL/SQL procedure successfully completed.

oauth.sql

PL/SQL procedure successfully completed.


PL/SQL procedure successfully completed.


PL/SQL procedure successfully completed.


PL/SQL procedure successfully completed.

api.sql

PL/SQL procedure successfully completed.

auth.sql

PL/SQL procedure successfully completed.

login.sql

PL/SQL procedure successfully completed.


PL/SQL procedure successfully completed.

getAudits.sql

PL/SQL procedure successfully completed.


PL/SQL procedure successfully completed.

getUserActivity.sql

PL/SQL procedure successfully completed.


PL/SQL procedure successfully completed.

postAudits.sql

PL/SQL procedure successfully completed.


PL/SQL procedure successfully completed.

postImage.sql

PL/SQL procedure successfully completed.


PL/SQL procedure successfully completed.

