icca_ces_trg.trg

Trigger ICCA_CES_TRG compiled

icca_brs_biur.trg

Trigger ICCA_BRS_BIUR compiled

icca_doc_biur.trg

Trigger ICCA_DOC_BIUR compiled

icca_bch_biur.trg

Trigger ICCA_BCH_BIUR compiled

icca_ugp_biur.trg

Trigger ICCA_UGP_BIUR compiled

icca_usr_biur.trg

Trigger ICCA_USR_BIUR compiled

icca_adm_biur.trg

Trigger ICCA_ADM_BIUR compiled

icca_eml_biur.trg

Trigger ICCA_EML_BIUR compiled

icca_flr_biur.trg

Trigger ICCA_FLR_BIUR compiled

icca_ekd_biur.trg

Trigger ICCA_EKD_BIUR compiled

icca_ara_biur.trg

Trigger ICCA_ARA_BIUR compiled

icca_cat_biur.trg

Trigger ICCA_CAT_BIUR compiled

icca_aat_biur.trg

Trigger ICCA_AAT_BIUR compiled

icca_ece_biur.trg

Trigger ICCA_ECE_BIUR compiled

icca_ete_biur.trg

Trigger ICCA_ETE_BIUR compiled

icca_epe_biur.trg

Trigger ICCA_EPE_BIUR compiled

icca_era_biur.trg

Trigger ICCA_ERA_BIUR compiled

icca_pfr_biur.trg

Trigger ICCA_PFR_BIUR compiled

icca_ige_biur.trg

Trigger ICCA_IGE_BIUR compiled

icca_cnt_biur.trg

Trigger ICCA_CNT_BIUR compiled

icca_cln_biur.trg

Trigger ICCA_CLN_BIUR compiled

icca_adt_biur.trg

Trigger ICCA_ADT_BIUR compiled

icca_ant_biur.trg

Trigger ICCA_ANT_BIUR compiled

icca_apr_biur.trg

Trigger ICCA_APR_BIUR compiled

icca_apt_biur.trg

Trigger ICCA_APT_BIUR compiled

icca_ars_biur.trg

Trigger ICCA_ARS_BIUR compiled

icca_cbe_biur.trg

Trigger ICCA_CBE_BIUR compiled

icca_clm_biur.trg

Trigger ICCA_CLM_BIUR compiled

icca_clt_biur.trg

Trigger ICCA_CLT_BIUR compiled

icca_fom_biur.trg

Trigger ICCA_FOM_BIUR compiled

icca_for_biur.trg

Trigger ICCA_FOR_BIUR compiled

icca_kcn_biur.trg

Trigger ICCA_KCN_BIUR compiled

icca_ket_biur.trg

Trigger ICCA_KET_BIUR compiled

icca_pnt_biur.trg

Trigger ICCA_PNT_BIUR compiled

icca_sce_biur.trg

Trigger ICCA_SCE_BIUR compiled

